V3 11
FL C:/Users/Rodrigo/Documents/Curso_ICTP/Lab4_PWM_Array/PWM_array_top.vhd 2014/12/10.00:05:21 P.58f
EN work/PWM_array_top 1418191549 \
      FL C:/Users/Rodrigo/Documents/Curso_ICTP/Lab4_PWM_Array/PWM_array_top.vhd \
      PB ieee/std_logic_1164 1364358218 PB ieee/NUMERIC_STD 1364358223 \
      PB work/pwm_pack 1418191546
AR work/PWM_array_top/Behavioral 1418191550 \
      FL C:/Users/Rodrigo/Documents/Curso_ICTP/Lab4_PWM_Array/PWM_array_top.vhd \
      EN work/PWM_array_top 1418191549 CP PWM_mod
FL C:/Users/Rodrigo/Documents/Curso_ICTP/Lab4_PWM_Array/PWM_mod.vhd 2014/12/08.16:53:08 P.58f
EN work/PWM_mod 1418191547 \
      FL C:/Users/Rodrigo/Documents/Curso_ICTP/Lab4_PWM_Array/PWM_mod.vhd \
      PB ieee/std_logic_1164 1364358218 PB ieee/NUMERIC_STD 1364358223
AR work/PWM_mod/Behavioral 1418191548 \
      FL C:/Users/Rodrigo/Documents/Curso_ICTP/Lab4_PWM_Array/PWM_mod.vhd \
      EN work/PWM_mod 1418191547
FL C:/Users/Rodrigo/Documents/Curso_ICTP/Lab4_PWM_Array/pwm_pack.vhd 2014/12/10.00:04:15 P.58f
PH work/pwm_pack 1418191545 \
      FL C:/Users/Rodrigo/Documents/Curso_ICTP/Lab4_PWM_Array/pwm_pack.vhd \
      PB ieee/std_logic_1164 1364358218 CD PWM_mod
PB work/pwm_pack 1418191546 \
      FL C:/Users/Rodrigo/Documents/Curso_ICTP/Lab4_PWM_Array/pwm_pack.vhd \
      PH work/pwm_pack 1418191545
