V3 6
FL C:/Users/Rodrigo/Documents/Curso_ICTP/Lab5_Memoria/ipcore_dir/blk_mem_gen_v7_3.vhd 2014/12/10.20:20:38 P.58f
EN work/blk_mem_gen_v7_3 1418264829 \
      FL C:/Users/Rodrigo/Documents/Curso_ICTP/Lab5_Memoria/ipcore_dir/blk_mem_gen_v7_3.vhd \
      PB ieee/std_logic_1164 1364358218
AR work/blk_mem_gen_v7_3/blk_mem_gen_v7_3_a 1418264830 \
      FL C:/Users/Rodrigo/Documents/Curso_ICTP/Lab5_Memoria/ipcore_dir/blk_mem_gen_v7_3.vhd \
      EN work/blk_mem_gen_v7_3 1418264829
FL C:/Users/Rodrigo/Documents/Curso_ICTP/Lab5_Memoria/memoria_mod.vhd 2015/03/18.15:33:11 P.58f
EN work/memoria_mod 1426714396 \
      FL C:/Users/Rodrigo/Documents/Curso_ICTP/Lab5_Memoria/memoria_mod.vhd \
      PB ieee/std_logic_1164 1364358218 PB ieee/NUMERIC_STD 1364358223
AR work/memoria_mod/Behavioral 1426714397 \
      FL C:/Users/Rodrigo/Documents/Curso_ICTP/Lab5_Memoria/memoria_mod.vhd \
      EN work/memoria_mod 1426714396
