V3 3
FL C:/Users/Rodrigo/Documents/Curso_ICTP/Lab4_DivisorFrecuencia/divisorFrecuencia_mod.vhd 2014/12/09.13:45:27 P.58f
EN work/divisorFrecuencia_mod 1418154330 \
      FL C:/Users/Rodrigo/Documents/Curso_ICTP/Lab4_DivisorFrecuencia/divisorFrecuencia_mod.vhd \
      PB ieee/std_logic_1164 1364358218
AR work/divisorFrecuencia_mod/Behavioral 1418154331 \
      FL C:/Users/Rodrigo/Documents/Curso_ICTP/Lab4_DivisorFrecuencia/divisorFrecuencia_mod.vhd \
      EN work/divisorFrecuencia_mod 1418154330
