V3 3
FL C:/Users/Rodrigo/Documents/Curso_ICTP/Lab5_TX_UART/tx_uart_mod.vhd 2014/12/09.22:48:01 P.58f
EN work/tx_uart_mod 1418186896 \
      FL C:/Users/Rodrigo/Documents/Curso_ICTP/Lab5_TX_UART/tx_uart_mod.vhd \
      PB ieee/std_logic_1164 1364358218
AR work/tx_uart_mod/Behavioral 1418186897 \
      FL C:/Users/Rodrigo/Documents/Curso_ICTP/Lab5_TX_UART/tx_uart_mod.vhd \
      EN work/tx_uart_mod 1418186896
