V3 3
FL C:/Users/Rodrigo/Documents/Curso_ICTP/Lab5_FSM_ejemplo/generador_mod.vhd 2014/12/09.20:13:08 P.58f
EN work/generador_mod 1418177591 \
      FL C:/Users/Rodrigo/Documents/Curso_ICTP/Lab5_FSM_ejemplo/generador_mod.vhd \
      PB ieee/std_logic_1164 1364358218
AR work/generador_mod/Behavioral 1418177592 \
      FL C:/Users/Rodrigo/Documents/Curso_ICTP/Lab5_FSM_ejemplo/generador_mod.vhd \
      EN work/generador_mod 1418177591
